<html>
<body>
<pre>
<h1>µVision Build Log</h1>
<h2>Project:</h2>
E:\Code\01.Sport1_Projects\Hecquyn_270_PCs_F102\MDK-ARM\Hecquyn_270_PCs_F102.uvprojx
Project File Date:  06/12/2021

<h2>Output:</h2>
Rebuild target 'Hecquyn_270_PCs_F102'
assembling startup_stm32f102xb.s...
compiling main.c...
compiling stm32f1xx_it.c...
compiling stm32f1xx_hal_msp.c...
compiling stm32f1xx_hal_gpio_ex.c...
compiling stm32f1xx_hal_tim.c...
compiling stm32f1xx_hal_tim_ex.c...
compiling stm32f1xx_hal_uart.c...
compiling stm32f1xx_hal.c...
compiling stm32f1xx_hal_rcc.c...
compiling stm32f1xx_hal_rcc_ex.c...
compiling stm32f1xx_hal_gpio.c...
compiling stm32f1xx_hal_dma.c...
compiling stm32f1xx_hal_cortex.c...
compiling stm32f1xx_hal_pwr.c...
compiling stm32f1xx_hal_flash.c...
compiling stm32f1xx_hal_flash_ex.c...
compiling stm32f1xx_hal_exti.c...
compiling system_stm32f1xx.c...
linking...
Program Size: Code=5724 RO-data=388 RW-data=100 ZI-data=1092  
FromELF: creating hex file...
"Hecquyn_270_PCs_F102\Hecquyn_270_PCs_F102.axf" - 0 Error(s), 0 Warning(s).

<h2>Software Packages used:</h2>

Package Vendor: ARM
                http://www.keil.com/pack/ARM.CMSIS.4.1.0.pack
                ARM::CMSIS:CORE:3.30.0
                CMSIS (Cortex Microcontroller Software Interface Standard)
   * Component: CORE Version: 3.30.0

<h2>Collection of Component include folders:</h2>
  E:\Code\01.Sport1_Projects\Hecquyn_270_PCs_F102\MDK-ARM\RTE
  C:\Keil_v5\ARM\PACK\ARM\CMSIS\4.1.0\CMSIS\Include

<h2>Collection of Component Files used:</h2>

   * Component: ARM::CMSIS:CORE:3.30.0
      Source file:   CMSIS\UserCodeTemplates\ARM\ITM_Retarget.c
Load "Hecquyn_270_PCs_F102\\Hecquyn_270_PCs_F102.axf" 
No Algorithm found for: 08000000H - 08001843H
Erase skipped!
Error: Flash Download failed  -  "Cortex-M3"
Load "Hecquyn_270_PCs_F102\\Hecquyn_270_PCs_F102.axf" 
Full Chip Erase Done.
No Algorithm found for: 08000000H - 08001843H
Programming skipped!
Error: Flash Download failed  -  "Cortex-M3"
Load "Hecquyn_270_PCs_F102\\Hecquyn_270_PCs_F102.axf" 
Full Chip Erase Done.
No Algorithm found for: 08000000H - 08001843H
Programming skipped!
Error: Flash Download failed  -  "Cortex-M3"
</pre>
</body>
</html>
